// Jest Snapshot v1, https://goo.gl/fbAQLP

exports[`Pruebas en GifGridItem debe de mostrar el componente correctamente 1`] = `
<div
  className="card animate__animated animate__bounce animate__faster"
>
  <img
    alt="Hola, soy el título del componente"
    src="https://imagenredireccion.svg"
  />
  <p>
    Hola, soy el título del componente
  </p>
</div>
`;
